[0.471s] Invoking command in '/home/ksj/test_team4/src/my_package': PYTHONPATH=/home/ksj/test_team4/build/my_package/prefix_override:/usr/lib/python3/dist-packages/colcon_core/task/python/colcon_distutils_commands:/home/ksj/test_team4/install/my_package/lib/python3.10/site-packages:${PYTHONPATH} /usr/bin/python3 -W ignore:setup.py install is deprecated -W ignore:easy_install command is deprecated setup.py egg_info --egg-base ../../build/my_package build --build-base /home/ksj/test_team4/build/my_package/build install --record /home/ksj/test_team4/build/my_package/install.log --single-version-externally-managed install_data
[0.598s] running egg_info
[0.598s] creating ../../build/my_package/my_package.egg-info
[0.598s] writing ../../build/my_package/my_package.egg-info/PKG-INFO
[0.598s] writing dependency_links to ../../build/my_package/my_package.egg-info/dependency_links.txt
[0.598s] writing entry points to ../../build/my_package/my_package.egg-info/entry_points.txt
[0.598s] writing requirements to ../../build/my_package/my_package.egg-info/requires.txt
[0.598s] writing top-level names to ../../build/my_package/my_package.egg-info/top_level.txt
[0.598s] writing manifest file '../../build/my_package/my_package.egg-info/SOURCES.txt'
[0.599s] reading manifest file '../../build/my_package/my_package.egg-info/SOURCES.txt'
[0.600s] writing manifest file '../../build/my_package/my_package.egg-info/SOURCES.txt'
[0.600s] running build
[0.600s] running build_py
[0.600s] creating /home/ksj/test_team4/build/my_package/build
[0.600s] creating /home/ksj/test_team4/build/my_package/build/lib
[0.600s] creating /home/ksj/test_team4/build/my_package/build/lib/my_package
[0.600s] copying my_package/__init__.py -> /home/ksj/test_team4/build/my_package/build/lib/my_package
[0.600s] copying my_package/web_server.py -> /home/ksj/test_team4/build/my_package/build/lib/my_package
[0.600s] running install
[0.600s] running install_lib
[0.600s] creating /home/ksj/test_team4/install/my_package/lib/python3.10/site-packages/my_package
[0.600s] copying /home/ksj/test_team4/build/my_package/build/lib/my_package/__init__.py -> /home/ksj/test_team4/install/my_package/lib/python3.10/site-packages/my_package
[0.600s] copying /home/ksj/test_team4/build/my_package/build/lib/my_package/web_server.py -> /home/ksj/test_team4/install/my_package/lib/python3.10/site-packages/my_package
[0.601s] byte-compiling /home/ksj/test_team4/install/my_package/lib/python3.10/site-packages/my_package/__init__.py to __init__.cpython-310.pyc
[0.601s] byte-compiling /home/ksj/test_team4/install/my_package/lib/python3.10/site-packages/my_package/web_server.py to web_server.cpython-310.pyc
[0.601s] running install_data
[0.601s] creating /home/ksj/test_team4/install/my_package/share/ament_index
[0.601s] creating /home/ksj/test_team4/install/my_package/share/ament_index/resource_index
[0.601s] creating /home/ksj/test_team4/install/my_package/share/ament_index/resource_index/packages
[0.601s] copying resource/my_package -> /home/ksj/test_team4/install/my_package/share/ament_index/resource_index/packages
[0.601s] copying package.xml -> /home/ksj/test_team4/install/my_package/share/my_package
[0.601s] running install_egg_info
[0.602s] Copying ../../build/my_package/my_package.egg-info to /home/ksj/test_team4/install/my_package/lib/python3.10/site-packages/my_package-0.0.0-py3.10.egg-info
[0.602s] running install_scripts
[0.614s] Installing web_server script to /home/ksj/test_team4/install/my_package/lib/my_package
[0.614s] writing list of installed files to '/home/ksj/test_team4/build/my_package/install.log'
[0.627s] Invoked command in '/home/ksj/test_team4/src/my_package' returned '0': PYTHONPATH=/home/ksj/test_team4/build/my_package/prefix_override:/usr/lib/python3/dist-packages/colcon_core/task/python/colcon_distutils_commands:/home/ksj/test_team4/install/my_package/lib/python3.10/site-packages:${PYTHONPATH} /usr/bin/python3 -W ignore:setup.py install is deprecated -W ignore:easy_install command is deprecated setup.py egg_info --egg-base ../../build/my_package build --build-base /home/ksj/test_team4/build/my_package/build install --record /home/ksj/test_team4/build/my_package/install.log --single-version-externally-managed install_data
