[0.463s] Invoking command in '/home/ksj/test_team4/src/my_package': PYTHONPATH=/home/ksj/test_team4/build/my_package/prefix_override:/usr/lib/python3/dist-packages/colcon_core/task/python/colcon_distutils_commands:/home/ksj/test_team4/install/my_package/lib/python3.10/site-packages:${PYTHONPATH} /usr/bin/python3 -W ignore:setup.py install is deprecated -W ignore:easy_install command is deprecated setup.py egg_info --egg-base ../../build/my_package build --build-base /home/ksj/test_team4/build/my_package/build install --record /home/ksj/test_team4/build/my_package/install.log --single-version-externally-managed install_data
[0.583s] running egg_info
[0.584s] writing ../../build/my_package/my_package.egg-info/PKG-INFO
[0.584s] writing dependency_links to ../../build/my_package/my_package.egg-info/dependency_links.txt
[0.584s] writing entry points to ../../build/my_package/my_package.egg-info/entry_points.txt
[0.584s] writing requirements to ../../build/my_package/my_package.egg-info/requires.txt
[0.584s] writing top-level names to ../../build/my_package/my_package.egg-info/top_level.txt
[0.585s] reading manifest file '../../build/my_package/my_package.egg-info/SOURCES.txt'
[0.585s] writing manifest file '../../build/my_package/my_package.egg-info/SOURCES.txt'
[0.585s] running build
[0.585s] running build_py
[0.586s] copying my_package/web_server.py -> /home/ksj/test_team4/build/my_package/build/lib/my_package
[0.586s] running install
[0.586s] running install_lib
[0.586s] copying /home/ksj/test_team4/build/my_package/build/lib/my_package/web_server.py -> /home/ksj/test_team4/install/my_package/lib/python3.10/site-packages/my_package
[0.586s] byte-compiling /home/ksj/test_team4/install/my_package/lib/python3.10/site-packages/my_package/web_server.py to web_server.cpython-310.pyc
[0.587s] running install_data
[0.587s] copying static/map.js -> /home/ksj/test_team4/install/my_package/share/my_package/static
[0.587s] running install_egg_info
[0.588s] removing '/home/ksj/test_team4/install/my_package/lib/python3.10/site-packages/my_package-0.0.0-py3.10.egg-info' (and everything under it)
[0.588s] Copying ../../build/my_package/my_package.egg-info to /home/ksj/test_team4/install/my_package/lib/python3.10/site-packages/my_package-0.0.0-py3.10.egg-info
[0.588s] running install_scripts
[0.599s] Installing web_server script to /home/ksj/test_team4/install/my_package/lib/my_package
[0.600s] writing list of installed files to '/home/ksj/test_team4/build/my_package/install.log'
[0.613s] Invoked command in '/home/ksj/test_team4/src/my_package' returned '0': PYTHONPATH=/home/ksj/test_team4/build/my_package/prefix_override:/usr/lib/python3/dist-packages/colcon_core/task/python/colcon_distutils_commands:/home/ksj/test_team4/install/my_package/lib/python3.10/site-packages:${PYTHONPATH} /usr/bin/python3 -W ignore:setup.py install is deprecated -W ignore:easy_install command is deprecated setup.py egg_info --egg-base ../../build/my_package build --build-base /home/ksj/test_team4/build/my_package/build install --record /home/ksj/test_team4/build/my_package/install.log --single-version-externally-managed install_data
