[0.056s] DEBUG:colcon:Command line arguments: ['/usr/bin/colcon', 'build']
[0.056s] DEBUG:colcon:Parsed command line arguments: Namespace(log_base=None, log_level=None, verb_name='build', build_base='build', install_base='install', merge_install=False, symlink_install=False, test_result_base=None, continue_on_error=False, executor='parallel', parallel_workers=20, event_handlers=None, ignore_user_meta=False, metas=['./colcon.meta'], base_paths=['.'], packages_ignore=None, packages_ignore_regex=None, paths=None, packages_up_to=None, packages_up_to_regex=None, packages_above=None, packages_above_and_dependencies=None, packages_above_depth=None, packages_select_by_dep=None, packages_skip_by_dep=None, packages_skip_up_to=None, packages_select_build_failed=False, packages_skip_build_finished=False, packages_select_test_failures=False, packages_skip_test_passed=False, packages_select=None, packages_skip=None, packages_select_regex=None, packages_skip_regex=None, packages_start=None, packages_end=None, allow_overriding=[], cmake_args=None, cmake_target=None, cmake_target_skip_unavailable=False, cmake_clean_cache=False, cmake_clean_first=False, cmake_force_configure=False, ament_cmake_args=None, catkin_cmake_args=None, catkin_skip_building_tests=False, verb_parser=<colcon_defaults.argument_parser.defaults.DefaultArgumentsDecorator object at 0x7e94a3a55900>, verb_extension=<colcon_core.verb.build.BuildVerb object at 0x7e94a3a54ac0>, main=<bound method BuildVerb.main of <colcon_core.verb.build.BuildVerb object at 0x7e94a3a54ac0>>)
[0.152s] Level 1:colcon.colcon_core.package_discovery:discover_packages(colcon_meta) check parameters
[0.152s] Level 1:colcon.colcon_core.package_discovery:discover_packages(recursive) check parameters
[0.152s] Level 1:colcon.colcon_core.package_discovery:discover_packages(ignore) check parameters
[0.152s] Level 1:colcon.colcon_core.package_discovery:discover_packages(path) check parameters
[0.152s] Level 1:colcon.colcon_core.package_discovery:discover_packages(colcon_meta) discover
[0.152s] Level 1:colcon.colcon_core.package_discovery:discover_packages(recursive) discover
[0.152s] INFO:colcon.colcon_core.package_discovery:Crawling recursively for packages in '/home/celestial/projectAR/ros2_ws'
[0.153s] Level 1:colcon.colcon_core.package_identification:_identify(.) by extensions ['ignore', 'ignore_ament_install']
[0.153s] Level 1:colcon.colcon_core.package_identification:_identify(.) by extension 'ignore'
[0.153s] Level 1:colcon.colcon_core.package_identification:_identify(.) by extension 'ignore_ament_install'
[0.153s] Level 1:colcon.colcon_core.package_identification:_identify(.) by extensions ['colcon_pkg']
[0.153s] Level 1:colcon.colcon_core.package_identification:_identify(.) by extension 'colcon_pkg'
[0.153s] Level 1:colcon.colcon_core.package_identification:_identify(.) by extensions ['colcon_meta']
[0.153s] Level 1:colcon.colcon_core.package_identification:_identify(.) by extension 'colcon_meta'
[0.153s] Level 1:colcon.colcon_core.package_identification:_identify(.) by extensions ['ros']
[0.153s] Level 1:colcon.colcon_core.package_identification:_identify(.) by extension 'ros'
[0.159s] Level 1:colcon.colcon_core.package_identification:_identify(.) by extensions ['cmake', 'python']
[0.159s] Level 1:colcon.colcon_core.package_identification:_identify(.) by extension 'cmake'
[0.159s] Level 1:colcon.colcon_core.package_identification:_identify(.) by extension 'python'
[0.159s] Level 1:colcon.colcon_core.package_identification:_identify(.) by extensions ['python_setup_py']
[0.159s] Level 1:colcon.colcon_core.package_identification:_identify(.) by extension 'python_setup_py'
[0.159s] Level 1:colcon.colcon_core.package_identification:_identify(build) by extensions ['ignore', 'ignore_ament_install']
[0.159s] Level 1:colcon.colcon_core.package_identification:_identify(build) by extension 'ignore'
[0.159s] Level 1:colcon.colcon_core.package_identification:_identify(build) ignored
[0.159s] Level 1:colcon.colcon_core.package_identification:_identify(install) by extensions ['ignore', 'ignore_ament_install']
[0.159s] Level 1:colcon.colcon_core.package_identification:_identify(install) by extension 'ignore'
[0.159s] Level 1:colcon.colcon_core.package_identification:_identify(install) ignored
[0.159s] Level 1:colcon.colcon_core.package_identification:_identify(log) by extensions ['ignore', 'ignore_ament_install']
[0.159s] Level 1:colcon.colcon_core.package_identification:_identify(log) by extension 'ignore'
[0.159s] Level 1:colcon.colcon_core.package_identification:_identify(log) ignored
[0.159s] Level 1:colcon.colcon_core.package_identification:_identify(src) by extensions ['ignore', 'ignore_ament_install']
[0.159s] Level 1:colcon.colcon_core.package_identification:_identify(src) by extension 'ignore'
[0.159s] Level 1:colcon.colcon_core.package_identification:_identify(src) by extension 'ignore_ament_install'
[0.159s] Level 1:colcon.colcon_core.package_identification:_identify(src) by extensions ['colcon_pkg']
[0.159s] Level 1:colcon.colcon_core.package_identification:_identify(src) by extension 'colcon_pkg'
[0.159s] Level 1:colcon.colcon_core.package_identification:_identify(src) by extensions ['colcon_meta']
[0.159s] Level 1:colcon.colcon_core.package_identification:_identify(src) by extension 'colcon_meta'
[0.159s] Level 1:colcon.colcon_core.package_identification:_identify(src) by extensions ['ros']
[0.159s] Level 1:colcon.colcon_core.package_identification:_identify(src) by extension 'ros'
[0.159s] Level 1:colcon.colcon_core.package_identification:_identify(src) by extensions ['cmake', 'python']
[0.159s] Level 1:colcon.colcon_core.package_identification:_identify(src) by extension 'cmake'
[0.159s] Level 1:colcon.colcon_core.package_identification:_identify(src) by extension 'python'
[0.159s] Level 1:colcon.colcon_core.package_identification:_identify(src) by extensions ['python_setup_py']
[0.159s] Level 1:colcon.colcon_core.package_identification:_identify(src) by extension 'python_setup_py'
[0.159s] Level 1:colcon.colcon_core.package_identification:_identify(src/guide_robot) by extensions ['ignore', 'ignore_ament_install']
[0.159s] Level 1:colcon.colcon_core.package_identification:_identify(src/guide_robot) by extension 'ignore'
[0.159s] Level 1:colcon.colcon_core.package_identification:_identify(src/guide_robot) by extension 'ignore_ament_install'
[0.159s] Level 1:colcon.colcon_core.package_identification:_identify(src/guide_robot) by extensions ['colcon_pkg']
[0.160s] Level 1:colcon.colcon_core.package_identification:_identify(src/guide_robot) by extension 'colcon_pkg'
[0.160s] Level 1:colcon.colcon_core.package_identification:_identify(src/guide_robot) by extensions ['colcon_meta']
[0.160s] Level 1:colcon.colcon_core.package_identification:_identify(src/guide_robot) by extension 'colcon_meta'
[0.160s] Level 1:colcon.colcon_core.package_identification:_identify(src/guide_robot) by extensions ['ros']
[0.160s] Level 1:colcon.colcon_core.package_identification:_identify(src/guide_robot) by extension 'ros'
[0.161s] DEBUG:colcon.colcon_core.package_identification:Package 'src/guide_robot' with type 'ros.ament_python' and name 'guide_robot'
[0.161s] Level 1:colcon.colcon_core.package_discovery:discover_packages(recursive) using defaults
[0.161s] Level 1:colcon.colcon_core.package_discovery:discover_packages(ignore) discover
[0.161s] Level 1:colcon.colcon_core.package_discovery:discover_packages(ignore) using defaults
[0.161s] Level 1:colcon.colcon_core.package_discovery:discover_packages(path) discover
[0.161s] Level 1:colcon.colcon_core.package_discovery:discover_packages(path) using defaults
[0.179s] Level 1:colcon.colcon_core.package_discovery:discover_packages(prefix_path) check parameters
[0.179s] Level 1:colcon.colcon_core.package_discovery:discover_packages(prefix_path) discover
[0.179s] DEBUG:colcon.colcon_installed_package_information.package_discovery:Found 1 installed packages in /home/celestial/projectAR/ros2_ws/install
[0.180s] DEBUG:colcon.colcon_installed_package_information.package_discovery:Found 470 installed packages in /opt/ros/humble
[0.182s] Level 1:colcon.colcon_core.package_discovery:discover_packages(prefix_path) using defaults
[0.213s] Level 5:colcon.colcon_core.verb:set package 'guide_robot' build argument 'cmake_args' from command line to 'None'
[0.213s] Level 5:colcon.colcon_core.verb:set package 'guide_robot' build argument 'cmake_target' from command line to 'None'
[0.213s] Level 5:colcon.colcon_core.verb:set package 'guide_robot' build argument 'cmake_target_skip_unavailable' from command line to 'False'
[0.213s] Level 5:colcon.colcon_core.verb:set package 'guide_robot' build argument 'cmake_clean_cache' from command line to 'False'
[0.213s] Level 5:colcon.colcon_core.verb:set package 'guide_robot' build argument 'cmake_clean_first' from command line to 'False'
[0.213s] Level 5:colcon.colcon_core.verb:set package 'guide_robot' build argument 'cmake_force_configure' from command line to 'False'
[0.213s] Level 5:colcon.colcon_core.verb:set package 'guide_robot' build argument 'ament_cmake_args' from command line to 'None'
[0.213s] Level 5:colcon.colcon_core.verb:set package 'guide_robot' build argument 'catkin_cmake_args' from command line to 'None'
[0.213s] Level 5:colcon.colcon_core.verb:set package 'guide_robot' build argument 'catkin_skip_building_tests' from command line to 'False'
[0.213s] DEBUG:colcon.colcon_core.verb:Building package 'guide_robot' with the following arguments: {'ament_cmake_args': None, 'build_base': '/home/celestial/projectAR/ros2_ws/build/guide_robot', 'catkin_cmake_args': None, 'catkin_skip_building_tests': False, 'cmake_args': None, 'cmake_clean_cache': False, 'cmake_clean_first': False, 'cmake_force_configure': False, 'cmake_target': None, 'cmake_target_skip_unavailable': False, 'install_base': '/home/celestial/projectAR/ros2_ws/install/guide_robot', 'merge_install': False, 'path': '/home/celestial/projectAR/ros2_ws/src/guide_robot', 'symlink_install': False, 'test_result_base': None}
[0.213s] INFO:colcon.colcon_core.executor:Executing jobs using 'parallel' executor
[0.214s] DEBUG:colcon.colcon_parallel_executor.executor.parallel:run_until_complete
[0.214s] INFO:colcon.colcon_ros.task.ament_python.build:Building ROS package in '/home/celestial/projectAR/ros2_ws/src/guide_robot' with build type 'ament_python'
[0.214s] Level 1:colcon.colcon_core.shell:create_environment_hook('guide_robot', 'ament_prefix_path')
[0.215s] INFO:colcon.colcon_core.plugin_system:Skipping extension 'colcon_core.shell.bat': Not used on non-Windows systems
[0.215s] INFO:colcon.colcon_core.shell:Creating environment hook '/home/celestial/projectAR/ros2_ws/install/guide_robot/share/guide_robot/hook/ament_prefix_path.ps1'
[0.216s] INFO:colcon.colcon_core.shell:Creating environment descriptor '/home/celestial/projectAR/ros2_ws/install/guide_robot/share/guide_robot/hook/ament_prefix_path.dsv'
[0.216s] INFO:colcon.colcon_core.shell:Creating environment hook '/home/celestial/projectAR/ros2_ws/install/guide_robot/share/guide_robot/hook/ament_prefix_path.sh'
[0.216s] INFO:colcon.colcon_core.shell:Skip shell extension 'powershell' for command environment: Not usable outside of PowerShell
[0.216s] DEBUG:colcon.colcon_core.shell:Skip shell extension 'dsv' for command environment
[0.356s] INFO:colcon.colcon_core.task.python.build:Building Python package in '/home/celestial/projectAR/ros2_ws/src/guide_robot'
[0.357s] INFO:colcon.colcon_core.shell:Skip shell extension 'powershell' for command environment: Not usable outside of PowerShell
[0.357s] DEBUG:colcon.colcon_core.shell:Skip shell extension 'dsv' for command environment
[0.550s] DEBUG:colcon.colcon_core.task.python.build:Available setuptools commands: egg_info, compile_catalog, sdist, register, clean, extract_messages, install, install_egg_info, update_catalog, bdist_dumb, build_py, dist_info, install_lib, init_catalog, install_data, install_scripts, alias, saveopts, rotate, setopt, build_ext, test, symlink_data, easy_install, bdist, check, upload, bdist_wheel, bdist_rpm, build, install_headers, build_scripts, upload_docs, bdist_egg, develop, build_clib
[0.552s] DEBUG:colcon.colcon_core.event_handler.log_command:Invoking command in '/home/celestial/projectAR/ros2_ws/src/guide_robot': PYTHONPATH=/home/celestial/projectAR/ros2_ws/build/guide_robot/prefix_override:/usr/lib/python3/dist-packages/colcon_core/task/python/colcon_distutils_commands:/home/celestial/projectAR/ros2_ws/install/guide_robot/lib/python3.10/site-packages:${PYTHONPATH} /usr/bin/python3 -W ignore:setup.py install is deprecated -W ignore:easy_install command is deprecated setup.py egg_info --egg-base ../../build/guide_robot build --build-base /home/celestial/projectAR/ros2_ws/build/guide_robot/build install --record /home/celestial/projectAR/ros2_ws/build/guide_robot/install.log --install-scripts $base/lib/guide_robot --single-version-externally-managed install_data
[0.713s] DEBUG:colcon.colcon_core.event_handler.log_command:Invoked command in '/home/celestial/projectAR/ros2_ws/src/guide_robot' returned '0': PYTHONPATH=/home/celestial/projectAR/ros2_ws/build/guide_robot/prefix_override:/usr/lib/python3/dist-packages/colcon_core/task/python/colcon_distutils_commands:/home/celestial/projectAR/ros2_ws/install/guide_robot/lib/python3.10/site-packages:${PYTHONPATH} /usr/bin/python3 -W ignore:setup.py install is deprecated -W ignore:easy_install command is deprecated setup.py egg_info --egg-base ../../build/guide_robot build --build-base /home/celestial/projectAR/ros2_ws/build/guide_robot/build install --record /home/celestial/projectAR/ros2_ws/build/guide_robot/install.log --install-scripts $base/lib/guide_robot --single-version-externally-managed install_data
[0.714s] Level 1:colcon.colcon_core.environment:checking '/home/celestial/projectAR/ros2_ws/install/guide_robot' for CMake module files
[0.714s] Level 1:colcon.colcon_core.environment:checking '/home/celestial/projectAR/ros2_ws/install/guide_robot' for CMake config files
[0.714s] Level 1:colcon.colcon_core.environment:checking '/home/celestial/projectAR/ros2_ws/install/guide_robot/lib'
[0.715s] Level 1:colcon.colcon_core.environment:checking '/home/celestial/projectAR/ros2_ws/install/guide_robot/bin'
[0.715s] Level 1:colcon.colcon_core.environment:checking '/home/celestial/projectAR/ros2_ws/install/guide_robot/lib/pkgconfig/guide_robot.pc'
[0.715s] Level 1:colcon.colcon_core.environment:checking '/home/celestial/projectAR/ros2_ws/install/guide_robot/lib/python3.10/site-packages'
[0.715s] Level 1:colcon.colcon_core.shell:create_environment_hook('guide_robot', 'pythonpath')
[0.715s] INFO:colcon.colcon_core.shell:Creating environment hook '/home/celestial/projectAR/ros2_ws/install/guide_robot/share/guide_robot/hook/pythonpath.ps1'
[0.715s] INFO:colcon.colcon_core.shell:Creating environment descriptor '/home/celestial/projectAR/ros2_ws/install/guide_robot/share/guide_robot/hook/pythonpath.dsv'
[0.715s] INFO:colcon.colcon_core.shell:Creating environment hook '/home/celestial/projectAR/ros2_ws/install/guide_robot/share/guide_robot/hook/pythonpath.sh'
[0.716s] Level 1:colcon.colcon_core.environment:checking '/home/celestial/projectAR/ros2_ws/install/guide_robot/bin'
[0.716s] Level 1:colcon.colcon_core.environment:create_environment_scripts_only(guide_robot)
[0.716s] INFO:colcon.colcon_core.shell:Creating package script '/home/celestial/projectAR/ros2_ws/install/guide_robot/share/guide_robot/package.ps1'
[0.717s] INFO:colcon.colcon_core.shell:Creating package descriptor '/home/celestial/projectAR/ros2_ws/install/guide_robot/share/guide_robot/package.dsv'
[0.717s] INFO:colcon.colcon_core.shell:Creating package script '/home/celestial/projectAR/ros2_ws/install/guide_robot/share/guide_robot/package.sh'
[0.717s] INFO:colcon.colcon_core.shell:Creating package script '/home/celestial/projectAR/ros2_ws/install/guide_robot/share/guide_robot/package.bash'
[0.717s] INFO:colcon.colcon_core.shell:Creating package script '/home/celestial/projectAR/ros2_ws/install/guide_robot/share/guide_robot/package.zsh'
[0.718s] Level 1:colcon.colcon_core.environment:create_file_with_runtime_dependencies(/home/celestial/projectAR/ros2_ws/install/guide_robot/share/colcon-core/packages/guide_robot)
[0.718s] DEBUG:colcon.colcon_parallel_executor.executor.parallel:closing loop
[0.718s] DEBUG:colcon.colcon_parallel_executor.executor.parallel:loop closed
[0.718s] DEBUG:colcon.colcon_parallel_executor.executor.parallel:run_until_complete finished with '0'
[0.718s] DEBUG:colcon.colcon_core.event_reactor:joining thread
[0.721s] INFO:colcon.colcon_core.plugin_system:Skipping extension 'colcon_notification.desktop_notification.terminal_notifier': Not used on non-Darwin systems
[0.721s] INFO:colcon.colcon_core.plugin_system:Skipping extension 'colcon_notification.desktop_notification.win32': Not used on non-Windows systems
[0.721s] INFO:colcon.colcon_notification.desktop_notification:Sending desktop notification using 'notify2'
[0.729s] DEBUG:colcon.colcon_core.event_reactor:joined thread
[0.729s] INFO:colcon.colcon_core.shell:Creating prefix script '/home/celestial/projectAR/ros2_ws/install/local_setup.ps1'
[0.730s] INFO:colcon.colcon_core.shell:Creating prefix util module '/home/celestial/projectAR/ros2_ws/install/_local_setup_util_ps1.py'
[0.731s] INFO:colcon.colcon_core.shell:Creating prefix chain script '/home/celestial/projectAR/ros2_ws/install/setup.ps1'
[0.731s] INFO:colcon.colcon_core.shell:Creating prefix script '/home/celestial/projectAR/ros2_ws/install/local_setup.sh'
[0.731s] INFO:colcon.colcon_core.shell:Creating prefix util module '/home/celestial/projectAR/ros2_ws/install/_local_setup_util_sh.py'
[0.732s] INFO:colcon.colcon_core.shell:Creating prefix chain script '/home/celestial/projectAR/ros2_ws/install/setup.sh'
[0.732s] INFO:colcon.colcon_core.shell:Creating prefix script '/home/celestial/projectAR/ros2_ws/install/local_setup.bash'
[0.732s] INFO:colcon.colcon_core.shell:Creating prefix chain script '/home/celestial/projectAR/ros2_ws/install/setup.bash'
[0.733s] INFO:colcon.colcon_core.shell:Creating prefix script '/home/celestial/projectAR/ros2_ws/install/local_setup.zsh'
[0.733s] INFO:colcon.colcon_core.shell:Creating prefix chain script '/home/celestial/projectAR/ros2_ws/install/setup.zsh'
