[0.056s] DEBUG:colcon:Command line arguments: ['/usr/bin/colcon', 'build']
[0.056s] DEBUG:colcon:Parsed command line arguments: Namespace(log_base=None, log_level=None, verb_name='build', build_base='build', install_base='install', merge_install=False, symlink_install=False, test_result_base=None, continue_on_error=False, executor='parallel', parallel_workers=20, event_handlers=None, ignore_user_meta=False, metas=['./colcon.meta'], base_paths=['.'], packages_ignore=None, packages_ignore_regex=None, paths=None, packages_up_to=None, packages_up_to_regex=None, packages_above=None, packages_above_and_dependencies=None, packages_above_depth=None, packages_select_by_dep=None, packages_skip_by_dep=None, packages_skip_up_to=None, packages_select_build_failed=False, packages_skip_build_finished=False, packages_select_test_failures=False, packages_skip_test_passed=False, packages_select=None, packages_skip=None, packages_select_regex=None, packages_skip_regex=None, packages_start=None, packages_end=None, allow_overriding=[], cmake_args=None, cmake_target=None, cmake_target_skip_unavailable=False, cmake_clean_cache=False, cmake_clean_first=False, cmake_force_configure=False, ament_cmake_args=None, catkin_cmake_args=None, catkin_skip_building_tests=False, verb_parser=<colcon_defaults.argument_parser.defaults.DefaultArgumentsDecorator object at 0x75844191e290>, verb_extension=<colcon_core.verb.build.BuildVerb object at 0x75844191d960>, main=<bound method BuildVerb.main of <colcon_core.verb.build.BuildVerb object at 0x75844191d960>>)
[0.137s] Level 1:colcon.colcon_core.package_discovery:discover_packages(colcon_meta) check parameters
[0.137s] Level 1:colcon.colcon_core.package_discovery:discover_packages(recursive) check parameters
[0.137s] Level 1:colcon.colcon_core.package_discovery:discover_packages(ignore) check parameters
[0.137s] Level 1:colcon.colcon_core.package_discovery:discover_packages(path) check parameters
[0.137s] Level 1:colcon.colcon_core.package_discovery:discover_packages(colcon_meta) discover
[0.137s] Level 1:colcon.colcon_core.package_discovery:discover_packages(recursive) discover
[0.137s] INFO:colcon.colcon_core.package_discovery:Crawling recursively for packages in '/home/ksj/test_team4'
[0.137s] Level 1:colcon.colcon_core.package_identification:_identify(.) by extensions ['ignore', 'ignore_ament_install']
[0.137s] Level 1:colcon.colcon_core.package_identification:_identify(.) by extension 'ignore'
[0.137s] Level 1:colcon.colcon_core.package_identification:_identify(.) by extension 'ignore_ament_install'
[0.137s] Level 1:colcon.colcon_core.package_identification:_identify(.) by extensions ['colcon_pkg']
[0.137s] Level 1:colcon.colcon_core.package_identification:_identify(.) by extension 'colcon_pkg'
[0.137s] Level 1:colcon.colcon_core.package_identification:_identify(.) by extensions ['colcon_meta']
[0.137s] Level 1:colcon.colcon_core.package_identification:_identify(.) by extension 'colcon_meta'
[0.138s] Level 1:colcon.colcon_core.package_identification:_identify(.) by extensions ['ros']
[0.138s] Level 1:colcon.colcon_core.package_identification:_identify(.) by extension 'ros'
[0.143s] Level 1:colcon.colcon_core.package_identification:_identify(.) by extensions ['cmake', 'python']
[0.144s] Level 1:colcon.colcon_core.package_identification:_identify(.) by extension 'cmake'
[0.144s] Level 1:colcon.colcon_core.package_identification:_identify(.) by extension 'python'
[0.144s] Level 1:colcon.colcon_core.package_identification:_identify(.) by extensions ['python_setup_py']
[0.144s] Level 1:colcon.colcon_core.package_identification:_identify(.) by extension 'python_setup_py'
[0.144s] Level 1:colcon.colcon_core.package_identification:_identify(build) by extensions ['ignore', 'ignore_ament_install']
[0.144s] Level 1:colcon.colcon_core.package_identification:_identify(build) by extension 'ignore'
[0.144s] Level 1:colcon.colcon_core.package_identification:_identify(build) ignored
[0.144s] Level 1:colcon.colcon_core.package_identification:_identify(install) by extensions ['ignore', 'ignore_ament_install']
[0.144s] Level 1:colcon.colcon_core.package_identification:_identify(install) by extension 'ignore'
[0.144s] Level 1:colcon.colcon_core.package_identification:_identify(install) ignored
[0.144s] Level 1:colcon.colcon_core.package_identification:_identify(log) by extensions ['ignore', 'ignore_ament_install']
[0.144s] Level 1:colcon.colcon_core.package_identification:_identify(log) by extension 'ignore'
[0.144s] Level 1:colcon.colcon_core.package_identification:_identify(log) ignored
[0.144s] Level 1:colcon.colcon_core.package_identification:_identify(ros2_project) by extensions ['ignore', 'ignore_ament_install']
[0.144s] Level 1:colcon.colcon_core.package_identification:_identify(ros2_project) by extension 'ignore'
[0.144s] Level 1:colcon.colcon_core.package_identification:_identify(ros2_project) by extension 'ignore_ament_install'
[0.144s] Level 1:colcon.colcon_core.package_identification:_identify(ros2_project) by extensions ['colcon_pkg']
[0.144s] Level 1:colcon.colcon_core.package_identification:_identify(ros2_project) by extension 'colcon_pkg'
[0.144s] Level 1:colcon.colcon_core.package_identification:_identify(ros2_project) by extensions ['colcon_meta']
[0.144s] Level 1:colcon.colcon_core.package_identification:_identify(ros2_project) by extension 'colcon_meta'
[0.144s] Level 1:colcon.colcon_core.package_identification:_identify(ros2_project) by extensions ['ros']
[0.144s] Level 1:colcon.colcon_core.package_identification:_identify(ros2_project) by extension 'ros'
[0.144s] Level 1:colcon.colcon_core.package_identification:_identify(ros2_project) by extensions ['cmake', 'python']
[0.144s] Level 1:colcon.colcon_core.package_identification:_identify(ros2_project) by extension 'cmake'
[0.144s] Level 1:colcon.colcon_core.package_identification:_identify(ros2_project) by extension 'python'
[0.144s] Level 1:colcon.colcon_core.package_identification:_identify(ros2_project) by extensions ['python_setup_py']
[0.144s] Level 1:colcon.colcon_core.package_identification:_identify(ros2_project) by extension 'python_setup_py'
[0.144s] Level 1:colcon.colcon_core.package_identification:_identify(ros2_project/src) by extensions ['ignore', 'ignore_ament_install']
[0.144s] Level 1:colcon.colcon_core.package_identification:_identify(ros2_project/src) by extension 'ignore'
[0.144s] Level 1:colcon.colcon_core.package_identification:_identify(ros2_project/src) by extension 'ignore_ament_install'
[0.144s] Level 1:colcon.colcon_core.package_identification:_identify(ros2_project/src) by extensions ['colcon_pkg']
[0.144s] Level 1:colcon.colcon_core.package_identification:_identify(ros2_project/src) by extension 'colcon_pkg'
[0.144s] Level 1:colcon.colcon_core.package_identification:_identify(ros2_project/src) by extensions ['colcon_meta']
[0.144s] Level 1:colcon.colcon_core.package_identification:_identify(ros2_project/src) by extension 'colcon_meta'
[0.144s] Level 1:colcon.colcon_core.package_identification:_identify(ros2_project/src) by extensions ['ros']
[0.144s] Level 1:colcon.colcon_core.package_identification:_identify(ros2_project/src) by extension 'ros'
[0.145s] Level 1:colcon.colcon_core.package_identification:_identify(ros2_project/src) by extensions ['cmake', 'python']
[0.145s] Level 1:colcon.colcon_core.package_identification:_identify(ros2_project/src) by extension 'cmake'
[0.145s] Level 1:colcon.colcon_core.package_identification:_identify(ros2_project/src) by extension 'python'
[0.145s] Level 1:colcon.colcon_core.package_identification:_identify(ros2_project/src) by extensions ['python_setup_py']
[0.145s] Level 1:colcon.colcon_core.package_identification:_identify(ros2_project/src) by extension 'python_setup_py'
[0.145s] Level 1:colcon.colcon_core.package_identification:_identify(ros2_project/src/robot_bringup) by extensions ['ignore', 'ignore_ament_install']
[0.145s] Level 1:colcon.colcon_core.package_identification:_identify(ros2_project/src/robot_bringup) by extension 'ignore'
[0.145s] Level 1:colcon.colcon_core.package_identification:_identify(ros2_project/src/robot_bringup) by extension 'ignore_ament_install'
[0.145s] Level 1:colcon.colcon_core.package_identification:_identify(ros2_project/src/robot_bringup) by extensions ['colcon_pkg']
[0.145s] Level 1:colcon.colcon_core.package_identification:_identify(ros2_project/src/robot_bringup) by extension 'colcon_pkg'
[0.145s] Level 1:colcon.colcon_core.package_identification:_identify(ros2_project/src/robot_bringup) by extensions ['colcon_meta']
[0.145s] Level 1:colcon.colcon_core.package_identification:_identify(ros2_project/src/robot_bringup) by extension 'colcon_meta'
[0.145s] Level 1:colcon.colcon_core.package_identification:_identify(ros2_project/src/robot_bringup) by extensions ['ros']
[0.145s] Level 1:colcon.colcon_core.package_identification:_identify(ros2_project/src/robot_bringup) by extension 'ros'
[0.146s] DEBUG:colcon.colcon_core.package_identification:Package 'ros2_project/src/robot_bringup' with type 'ros.ament_python' and name 'robot_bringup'
[0.146s] Level 1:colcon.colcon_core.package_identification:_identify(ros2_project/web) by extensions ['ignore', 'ignore_ament_install']
[0.146s] Level 1:colcon.colcon_core.package_identification:_identify(ros2_project/web) by extension 'ignore'
[0.146s] Level 1:colcon.colcon_core.package_identification:_identify(ros2_project/web) by extension 'ignore_ament_install'
[0.146s] Level 1:colcon.colcon_core.package_identification:_identify(ros2_project/web) by extensions ['colcon_pkg']
[0.146s] Level 1:colcon.colcon_core.package_identification:_identify(ros2_project/web) by extension 'colcon_pkg'
[0.146s] Level 1:colcon.colcon_core.package_identification:_identify(ros2_project/web) by extensions ['colcon_meta']
[0.146s] Level 1:colcon.colcon_core.package_identification:_identify(ros2_project/web) by extension 'colcon_meta'
[0.146s] Level 1:colcon.colcon_core.package_identification:_identify(ros2_project/web) by extensions ['ros']
[0.146s] Level 1:colcon.colcon_core.package_identification:_identify(ros2_project/web) by extension 'ros'
[0.146s] Level 1:colcon.colcon_core.package_identification:_identify(ros2_project/web) by extensions ['cmake', 'python']
[0.146s] Level 1:colcon.colcon_core.package_identification:_identify(ros2_project/web) by extension 'cmake'
[0.146s] Level 1:colcon.colcon_core.package_identification:_identify(ros2_project/web) by extension 'python'
[0.146s] Level 1:colcon.colcon_core.package_identification:_identify(ros2_project/web) by extensions ['python_setup_py']
[0.146s] Level 1:colcon.colcon_core.package_identification:_identify(ros2_project/web) by extension 'python_setup_py'
[0.146s] Level 1:colcon.colcon_core.package_identification:_identify(src) by extensions ['ignore', 'ignore_ament_install']
[0.146s] Level 1:colcon.colcon_core.package_identification:_identify(src) by extension 'ignore'
[0.147s] Level 1:colcon.colcon_core.package_identification:_identify(src) by extension 'ignore_ament_install'
[0.147s] Level 1:colcon.colcon_core.package_identification:_identify(src) by extensions ['colcon_pkg']
[0.147s] Level 1:colcon.colcon_core.package_identification:_identify(src) by extension 'colcon_pkg'
[0.147s] Level 1:colcon.colcon_core.package_identification:_identify(src) by extensions ['colcon_meta']
[0.147s] Level 1:colcon.colcon_core.package_identification:_identify(src) by extension 'colcon_meta'
[0.147s] Level 1:colcon.colcon_core.package_identification:_identify(src) by extensions ['ros']
[0.147s] Level 1:colcon.colcon_core.package_identification:_identify(src) by extension 'ros'
[0.147s] Level 1:colcon.colcon_core.package_identification:_identify(src) by extensions ['cmake', 'python']
[0.147s] Level 1:colcon.colcon_core.package_identification:_identify(src) by extension 'cmake'
[0.147s] Level 1:colcon.colcon_core.package_identification:_identify(src) by extension 'python'
[0.147s] Level 1:colcon.colcon_core.package_identification:_identify(src) by extensions ['python_setup_py']
[0.147s] Level 1:colcon.colcon_core.package_identification:_identify(src) by extension 'python_setup_py'
[0.147s] Level 1:colcon.colcon_core.package_identification:_identify(src/my_package) by extensions ['ignore', 'ignore_ament_install']
[0.147s] Level 1:colcon.colcon_core.package_identification:_identify(src/my_package) by extension 'ignore'
[0.147s] Level 1:colcon.colcon_core.package_identification:_identify(src/my_package) by extension 'ignore_ament_install'
[0.147s] Level 1:colcon.colcon_core.package_identification:_identify(src/my_package) by extensions ['colcon_pkg']
[0.147s] Level 1:colcon.colcon_core.package_identification:_identify(src/my_package) by extension 'colcon_pkg'
[0.147s] Level 1:colcon.colcon_core.package_identification:_identify(src/my_package) by extensions ['colcon_meta']
[0.147s] Level 1:colcon.colcon_core.package_identification:_identify(src/my_package) by extension 'colcon_meta'
[0.147s] Level 1:colcon.colcon_core.package_identification:_identify(src/my_package) by extensions ['ros']
[0.147s] Level 1:colcon.colcon_core.package_identification:_identify(src/my_package) by extension 'ros'
[0.147s] DEBUG:colcon.colcon_core.package_identification:Package 'src/my_package' with type 'ros.ament_python' and name 'my_package'
[0.147s] Level 1:colcon.colcon_core.package_discovery:discover_packages(recursive) using defaults
[0.147s] Level 1:colcon.colcon_core.package_discovery:discover_packages(ignore) discover
[0.147s] Level 1:colcon.colcon_core.package_discovery:discover_packages(ignore) using defaults
[0.147s] Level 1:colcon.colcon_core.package_discovery:discover_packages(path) discover
[0.147s] Level 1:colcon.colcon_core.package_discovery:discover_packages(path) using defaults
[0.164s] Level 1:colcon.colcon_core.package_discovery:discover_packages(prefix_path) check parameters
[0.164s] Level 1:colcon.colcon_core.package_discovery:discover_packages(prefix_path) discover
[0.165s] DEBUG:colcon.colcon_installed_package_information.package_discovery:Found 12 installed packages in /home/ksj/turtlebot3_ws/install
[0.165s] DEBUG:colcon.colcon_installed_package_information.package_discovery:Found 2 installed packages in /home/ksj/team4/install
[0.166s] DEBUG:colcon.colcon_installed_package_information.package_discovery:Found 371 installed packages in /opt/ros/humble
[0.166s] Level 1:colcon.colcon_core.package_discovery:discover_packages(prefix_path) using defaults
[0.188s] Level 5:colcon.colcon_core.verb:set package 'my_package' build argument 'cmake_args' from command line to 'None'
[0.188s] Level 5:colcon.colcon_core.verb:set package 'my_package' build argument 'cmake_target' from command line to 'None'
[0.188s] Level 5:colcon.colcon_core.verb:set package 'my_package' build argument 'cmake_target_skip_unavailable' from command line to 'False'
[0.188s] Level 5:colcon.colcon_core.verb:set package 'my_package' build argument 'cmake_clean_cache' from command line to 'False'
[0.188s] Level 5:colcon.colcon_core.verb:set package 'my_package' build argument 'cmake_clean_first' from command line to 'False'
[0.188s] Level 5:colcon.colcon_core.verb:set package 'my_package' build argument 'cmake_force_configure' from command line to 'False'
[0.188s] Level 5:colcon.colcon_core.verb:set package 'my_package' build argument 'ament_cmake_args' from command line to 'None'
[0.188s] Level 5:colcon.colcon_core.verb:set package 'my_package' build argument 'catkin_cmake_args' from command line to 'None'
[0.188s] Level 5:colcon.colcon_core.verb:set package 'my_package' build argument 'catkin_skip_building_tests' from command line to 'False'
[0.188s] DEBUG:colcon.colcon_core.verb:Building package 'my_package' with the following arguments: {'ament_cmake_args': None, 'build_base': '/home/ksj/test_team4/build/my_package', 'catkin_cmake_args': None, 'catkin_skip_building_tests': False, 'cmake_args': None, 'cmake_clean_cache': False, 'cmake_clean_first': False, 'cmake_force_configure': False, 'cmake_target': None, 'cmake_target_skip_unavailable': False, 'install_base': '/home/ksj/test_team4/install/my_package', 'merge_install': False, 'path': '/home/ksj/test_team4/src/my_package', 'symlink_install': False, 'test_result_base': None}
[0.189s] Level 5:colcon.colcon_core.verb:set package 'robot_bringup' build argument 'cmake_args' from command line to 'None'
[0.189s] Level 5:colcon.colcon_core.verb:set package 'robot_bringup' build argument 'cmake_target' from command line to 'None'
[0.189s] Level 5:colcon.colcon_core.verb:set package 'robot_bringup' build argument 'cmake_target_skip_unavailable' from command line to 'False'
[0.189s] Level 5:colcon.colcon_core.verb:set package 'robot_bringup' build argument 'cmake_clean_cache' from command line to 'False'
[0.189s] Level 5:colcon.colcon_core.verb:set package 'robot_bringup' build argument 'cmake_clean_first' from command line to 'False'
[0.189s] Level 5:colcon.colcon_core.verb:set package 'robot_bringup' build argument 'cmake_force_configure' from command line to 'False'
[0.189s] Level 5:colcon.colcon_core.verb:set package 'robot_bringup' build argument 'ament_cmake_args' from command line to 'None'
[0.189s] Level 5:colcon.colcon_core.verb:set package 'robot_bringup' build argument 'catkin_cmake_args' from command line to 'None'
[0.189s] Level 5:colcon.colcon_core.verb:set package 'robot_bringup' build argument 'catkin_skip_building_tests' from command line to 'False'
[0.189s] DEBUG:colcon.colcon_core.verb:Building package 'robot_bringup' with the following arguments: {'ament_cmake_args': None, 'build_base': '/home/ksj/test_team4/build/robot_bringup', 'catkin_cmake_args': None, 'catkin_skip_building_tests': False, 'cmake_args': None, 'cmake_clean_cache': False, 'cmake_clean_first': False, 'cmake_force_configure': False, 'cmake_target': None, 'cmake_target_skip_unavailable': False, 'install_base': '/home/ksj/test_team4/install/robot_bringup', 'merge_install': False, 'path': '/home/ksj/test_team4/ros2_project/src/robot_bringup', 'symlink_install': False, 'test_result_base': None}
[0.189s] INFO:colcon.colcon_core.executor:Executing jobs using 'parallel' executor
[0.189s] DEBUG:colcon.colcon_parallel_executor.executor.parallel:run_until_complete
[0.190s] INFO:colcon.colcon_ros.task.ament_python.build:Building ROS package in '/home/ksj/test_team4/src/my_package' with build type 'ament_python'
[0.190s] Level 1:colcon.colcon_core.shell:create_environment_hook('my_package', 'ament_prefix_path')
[0.191s] INFO:colcon.colcon_core.plugin_system:Skipping extension 'colcon_core.shell.bat': Not used on non-Windows systems
[0.191s] INFO:colcon.colcon_core.shell:Creating environment hook '/home/ksj/test_team4/install/my_package/share/my_package/hook/ament_prefix_path.ps1'
[0.191s] INFO:colcon.colcon_core.shell:Creating environment descriptor '/home/ksj/test_team4/install/my_package/share/my_package/hook/ament_prefix_path.dsv'
[0.191s] INFO:colcon.colcon_core.shell:Creating environment hook '/home/ksj/test_team4/install/my_package/share/my_package/hook/ament_prefix_path.sh'
[0.192s] INFO:colcon.colcon_core.shell:Skip shell extension 'powershell' for command environment: Not usable outside of PowerShell
[0.192s] DEBUG:colcon.colcon_core.shell:Skip shell extension 'dsv' for command environment
[0.194s] INFO:colcon.colcon_ros.task.ament_python.build:Building ROS package in '/home/ksj/test_team4/ros2_project/src/robot_bringup' with build type 'ament_python'
[0.194s] Level 1:colcon.colcon_core.shell:create_environment_hook('robot_bringup', 'ament_prefix_path')
[0.195s] INFO:colcon.colcon_core.shell:Creating environment hook '/home/ksj/test_team4/install/robot_bringup/share/robot_bringup/hook/ament_prefix_path.ps1'
[0.195s] INFO:colcon.colcon_core.shell:Creating environment descriptor '/home/ksj/test_team4/install/robot_bringup/share/robot_bringup/hook/ament_prefix_path.dsv'
[0.195s] INFO:colcon.colcon_core.shell:Creating environment hook '/home/ksj/test_team4/install/robot_bringup/share/robot_bringup/hook/ament_prefix_path.sh'
[0.195s] INFO:colcon.colcon_core.shell:Skip shell extension 'powershell' for command environment: Not usable outside of PowerShell
[0.195s] DEBUG:colcon.colcon_core.shell:Skip shell extension 'dsv' for command environment
[0.337s] INFO:colcon.colcon_core.task.python.build:Building Python package in '/home/ksj/test_team4/src/my_package'
[0.338s] INFO:colcon.colcon_core.shell:Skip shell extension 'powershell' for command environment: Not usable outside of PowerShell
[0.338s] DEBUG:colcon.colcon_core.shell:Skip shell extension 'dsv' for command environment
[0.476s] INFO:colcon.colcon_core.task.python.build:Building Python package in '/home/ksj/test_team4/ros2_project/src/robot_bringup'
[0.476s] INFO:colcon.colcon_core.shell:Skip shell extension 'powershell' for command environment: Not usable outside of PowerShell
[0.476s] DEBUG:colcon.colcon_core.shell:Skip shell extension 'dsv' for command environment
[0.675s] DEBUG:colcon.colcon_core.event_handler.log_command:Invoking command in '/home/ksj/test_team4/ros2_project/src/robot_bringup': PYTHONPATH=/home/ksj/test_team4/build/robot_bringup/prefix_override:/usr/lib/python3/dist-packages/colcon_core/task/python/colcon_distutils_commands:/home/ksj/test_team4/install/robot_bringup/lib/python3.10/site-packages:${PYTHONPATH} /usr/bin/python3 -W ignore:setup.py install is deprecated -W ignore:easy_install command is deprecated setup.py egg_info --egg-base ../../../build/robot_bringup build --build-base /home/ksj/test_team4/build/robot_bringup/build install --record /home/ksj/test_team4/build/robot_bringup/install.log --single-version-externally-managed install_data
[0.676s] DEBUG:colcon.colcon_core.event_handler.log_command:Invoking command in '/home/ksj/test_team4/src/my_package': PYTHONPATH=/home/ksj/test_team4/build/my_package/prefix_override:/usr/lib/python3/dist-packages/colcon_core/task/python/colcon_distutils_commands:/home/ksj/test_team4/install/my_package/lib/python3.10/site-packages:${PYTHONPATH} /usr/bin/python3 -W ignore:setup.py install is deprecated -W ignore:easy_install command is deprecated setup.py egg_info --egg-base ../../build/my_package build --build-base /home/ksj/test_team4/build/my_package/build install --record /home/ksj/test_team4/build/my_package/install.log --single-version-externally-managed install_data
[0.832s] DEBUG:colcon.colcon_core.event_handler.log_command:Invoked command in '/home/ksj/test_team4/ros2_project/src/robot_bringup' returned '0': PYTHONPATH=/home/ksj/test_team4/build/robot_bringup/prefix_override:/usr/lib/python3/dist-packages/colcon_core/task/python/colcon_distutils_commands:/home/ksj/test_team4/install/robot_bringup/lib/python3.10/site-packages:${PYTHONPATH} /usr/bin/python3 -W ignore:setup.py install is deprecated -W ignore:easy_install command is deprecated setup.py egg_info --egg-base ../../../build/robot_bringup build --build-base /home/ksj/test_team4/build/robot_bringup/build install --record /home/ksj/test_team4/build/robot_bringup/install.log --single-version-externally-managed install_data
[0.834s] Level 1:colcon.colcon_core.environment:checking '/home/ksj/test_team4/install/robot_bringup' for CMake module files
[0.834s] Level 1:colcon.colcon_core.environment:checking '/home/ksj/test_team4/install/robot_bringup' for CMake config files
[0.835s] Level 1:colcon.colcon_core.environment:checking '/home/ksj/test_team4/install/robot_bringup/lib'
[0.835s] Level 1:colcon.colcon_core.environment:checking '/home/ksj/test_team4/install/robot_bringup/bin'
[0.835s] Level 1:colcon.colcon_core.environment:checking '/home/ksj/test_team4/install/robot_bringup/lib/pkgconfig/robot_bringup.pc'
[0.835s] Level 1:colcon.colcon_core.environment:checking '/home/ksj/test_team4/install/robot_bringup/lib/python3.10/site-packages'
[0.835s] Level 1:colcon.colcon_core.shell:create_environment_hook('robot_bringup', 'pythonpath')
[0.835s] INFO:colcon.colcon_core.shell:Creating environment hook '/home/ksj/test_team4/install/robot_bringup/share/robot_bringup/hook/pythonpath.ps1'
[0.835s] INFO:colcon.colcon_core.shell:Creating environment descriptor '/home/ksj/test_team4/install/robot_bringup/share/robot_bringup/hook/pythonpath.dsv'
[0.835s] INFO:colcon.colcon_core.shell:Creating environment hook '/home/ksj/test_team4/install/robot_bringup/share/robot_bringup/hook/pythonpath.sh'
[0.836s] Level 1:colcon.colcon_core.environment:checking '/home/ksj/test_team4/install/robot_bringup/bin'
[0.836s] Level 1:colcon.colcon_core.environment:create_environment_scripts_only(robot_bringup)
[0.836s] INFO:colcon.colcon_core.shell:Creating package script '/home/ksj/test_team4/install/robot_bringup/share/robot_bringup/package.ps1'
[0.837s] INFO:colcon.colcon_core.shell:Creating package descriptor '/home/ksj/test_team4/install/robot_bringup/share/robot_bringup/package.dsv'
[0.837s] INFO:colcon.colcon_core.shell:Creating package script '/home/ksj/test_team4/install/robot_bringup/share/robot_bringup/package.sh'
[0.837s] INFO:colcon.colcon_core.shell:Creating package script '/home/ksj/test_team4/install/robot_bringup/share/robot_bringup/package.bash'
[0.838s] INFO:colcon.colcon_core.shell:Creating package script '/home/ksj/test_team4/install/robot_bringup/share/robot_bringup/package.zsh'
[0.838s] Level 1:colcon.colcon_core.environment:create_file_with_runtime_dependencies(/home/ksj/test_team4/install/robot_bringup/share/colcon-core/packages/robot_bringup)
[0.839s] Level 1:colcon.colcon_core.environment:checking '/home/ksj/test_team4/install/my_package' for CMake module files
[0.839s] Level 1:colcon.colcon_core.environment:checking '/home/ksj/test_team4/install/my_package' for CMake config files
[0.839s] DEBUG:colcon.colcon_core.event_handler.log_command:Invoked command in '/home/ksj/test_team4/src/my_package' returned '0': PYTHONPATH=/home/ksj/test_team4/build/my_package/prefix_override:/usr/lib/python3/dist-packages/colcon_core/task/python/colcon_distutils_commands:/home/ksj/test_team4/install/my_package/lib/python3.10/site-packages:${PYTHONPATH} /usr/bin/python3 -W ignore:setup.py install is deprecated -W ignore:easy_install command is deprecated setup.py egg_info --egg-base ../../build/my_package build --build-base /home/ksj/test_team4/build/my_package/build install --record /home/ksj/test_team4/build/my_package/install.log --single-version-externally-managed install_data
[0.840s] Level 1:colcon.colcon_core.environment:checking '/home/ksj/test_team4/install/my_package/lib'
[0.840s] Level 1:colcon.colcon_core.environment:checking '/home/ksj/test_team4/install/my_package/bin'
[0.840s] Level 1:colcon.colcon_core.environment:checking '/home/ksj/test_team4/install/my_package/lib/pkgconfig/my_package.pc'
[0.840s] Level 1:colcon.colcon_core.environment:checking '/home/ksj/test_team4/install/my_package/lib/python3.10/site-packages'
[0.840s] Level 1:colcon.colcon_core.shell:create_environment_hook('my_package', 'pythonpath')
[0.840s] INFO:colcon.colcon_core.shell:Creating environment hook '/home/ksj/test_team4/install/my_package/share/my_package/hook/pythonpath.ps1'
[0.840s] INFO:colcon.colcon_core.shell:Creating environment descriptor '/home/ksj/test_team4/install/my_package/share/my_package/hook/pythonpath.dsv'
[0.840s] INFO:colcon.colcon_core.shell:Creating environment hook '/home/ksj/test_team4/install/my_package/share/my_package/hook/pythonpath.sh'
[0.841s] Level 1:colcon.colcon_core.environment:checking '/home/ksj/test_team4/install/my_package/bin'
[0.841s] Level 1:colcon.colcon_core.environment:create_environment_scripts_only(my_package)
[0.841s] INFO:colcon.colcon_core.shell:Creating package script '/home/ksj/test_team4/install/my_package/share/my_package/package.ps1'
[0.841s] INFO:colcon.colcon_core.shell:Creating package descriptor '/home/ksj/test_team4/install/my_package/share/my_package/package.dsv'
[0.842s] INFO:colcon.colcon_core.shell:Creating package script '/home/ksj/test_team4/install/my_package/share/my_package/package.sh'
[0.842s] INFO:colcon.colcon_core.shell:Creating package script '/home/ksj/test_team4/install/my_package/share/my_package/package.bash'
[0.842s] INFO:colcon.colcon_core.shell:Creating package script '/home/ksj/test_team4/install/my_package/share/my_package/package.zsh'
[0.842s] Level 1:colcon.colcon_core.environment:create_file_with_runtime_dependencies(/home/ksj/test_team4/install/my_package/share/colcon-core/packages/my_package)
[0.842s] DEBUG:colcon.colcon_parallel_executor.executor.parallel:closing loop
[0.842s] DEBUG:colcon.colcon_parallel_executor.executor.parallel:loop closed
[0.842s] DEBUG:colcon.colcon_parallel_executor.executor.parallel:run_until_complete finished with '0'
[0.842s] DEBUG:colcon.colcon_core.event_reactor:joining thread
[0.848s] INFO:colcon.colcon_core.plugin_system:Skipping extension 'colcon_notification.desktop_notification.terminal_notifier': Not used on non-Darwin systems
[0.848s] INFO:colcon.colcon_core.plugin_system:Skipping extension 'colcon_notification.desktop_notification.win32': Not used on non-Windows systems
[0.848s] INFO:colcon.colcon_notification.desktop_notification:Sending desktop notification using 'notify2'
[0.854s] DEBUG:colcon.colcon_core.event_reactor:joined thread
[0.854s] INFO:colcon.colcon_core.shell:Creating prefix script '/home/ksj/test_team4/install/local_setup.ps1'
[0.855s] INFO:colcon.colcon_core.shell:Creating prefix util module '/home/ksj/test_team4/install/_local_setup_util_ps1.py'
[0.855s] INFO:colcon.colcon_core.shell:Creating prefix chain script '/home/ksj/test_team4/install/setup.ps1'
[0.856s] INFO:colcon.colcon_core.shell:Creating prefix script '/home/ksj/test_team4/install/local_setup.sh'
[0.856s] INFO:colcon.colcon_core.shell:Creating prefix util module '/home/ksj/test_team4/install/_local_setup_util_sh.py'
[0.857s] INFO:colcon.colcon_core.shell:Creating prefix chain script '/home/ksj/test_team4/install/setup.sh'
[0.857s] INFO:colcon.colcon_core.shell:Creating prefix script '/home/ksj/test_team4/install/local_setup.bash'
[0.858s] INFO:colcon.colcon_core.shell:Creating prefix chain script '/home/ksj/test_team4/install/setup.bash'
[0.858s] INFO:colcon.colcon_core.shell:Creating prefix script '/home/ksj/test_team4/install/local_setup.zsh'
[0.859s] INFO:colcon.colcon_core.shell:Creating prefix chain script '/home/ksj/test_team4/install/setup.zsh'
