running egg_info
writing ../../build/guide_robot/guide_robot.egg-info/PKG-INFO
writing dependency_links to ../../build/guide_robot/guide_robot.egg-info/dependency_links.txt
writing entry points to ../../build/guide_robot/guide_robot.egg-info/entry_points.txt
writing requirements to ../../build/guide_robot/guide_robot.egg-info/requires.txt
writing top-level names to ../../build/guide_robot/guide_robot.egg-info/top_level.txt
reading manifest file '../../build/guide_robot/guide_robot.egg-info/SOURCES.txt'
writing manifest file '../../build/guide_robot/guide_robot.egg-info/SOURCES.txt'
running build
running build_py
copying guide_robot/navigation_server.py -> /home/celestial/projectAR/ros2_ws/build/guide_robot/build/lib/guide_robot
running install
running install_lib
copying /home/celestial/projectAR/ros2_ws/build/guide_robot/build/lib/guide_robot/navigation_server.py -> /home/celestial/projectAR/ros2_ws/install/guide_robot/lib/python3.10/site-packages/guide_robot
byte-compiling /home/celestial/projectAR/ros2_ws/install/guide_robot/lib/python3.10/site-packages/guide_robot/navigation_server.py to navigation_server.cpython-310.pyc
running install_data
running install_egg_info
removing '/home/celestial/projectAR/ros2_ws/install/guide_robot/lib/python3.10/site-packages/guide_robot-0.0.0-py3.10.egg-info' (and everything under it)
Copying ../../build/guide_robot/guide_robot.egg-info to /home/celestial/projectAR/ros2_ws/install/guide_robot/lib/python3.10/site-packages/guide_robot-0.0.0-py3.10.egg-info
running install_scripts
Installing navigation_server script to /home/celestial/projectAR/ros2_ws/install/guide_robot/lib/guide_robot
writing list of installed files to '/home/celestial/projectAR/ros2_ws/build/guide_robot/install.log'
