[0.318s] Invoking command in '/home/celestial/projectAR/ros2_ws/src/guide_robot': PYTHONPATH=/home/celestial/projectAR/ros2_ws/build/guide_robot/prefix_override:/usr/lib/python3/dist-packages/colcon_core/task/python/colcon_distutils_commands:/home/celestial/projectAR/ros2_ws/install/guide_robot/lib/python3.10/site-packages:${PYTHONPATH} /usr/bin/python3 -W ignore:setup.py install is deprecated -W ignore:easy_install command is deprecated setup.py egg_info --egg-base ../../build/guide_robot build --build-base /home/celestial/projectAR/ros2_ws/build/guide_robot/build install --record /home/celestial/projectAR/ros2_ws/build/guide_robot/install.log --install-scripts $base/lib/guide_robot --single-version-externally-managed install_data
[0.449s] running egg_info
[0.449s] writing ../../build/guide_robot/guide_robot.egg-info/PKG-INFO
[0.449s] writing dependency_links to ../../build/guide_robot/guide_robot.egg-info/dependency_links.txt
[0.449s] writing entry points to ../../build/guide_robot/guide_robot.egg-info/entry_points.txt
[0.449s] writing requirements to ../../build/guide_robot/guide_robot.egg-info/requires.txt
[0.450s] writing top-level names to ../../build/guide_robot/guide_robot.egg-info/top_level.txt
[0.450s] reading manifest file '../../build/guide_robot/guide_robot.egg-info/SOURCES.txt'
[0.451s] writing manifest file '../../build/guide_robot/guide_robot.egg-info/SOURCES.txt'
[0.451s] running build
[0.451s] running build_py
[0.451s] copying guide_robot/navigation_server.py -> /home/celestial/projectAR/ros2_ws/build/guide_robot/build/lib/guide_robot
[0.451s] running install
[0.451s] running install_lib
[0.452s] copying /home/celestial/projectAR/ros2_ws/build/guide_robot/build/lib/guide_robot/navigation_server.py -> /home/celestial/projectAR/ros2_ws/install/guide_robot/lib/python3.10/site-packages/guide_robot
[0.452s] byte-compiling /home/celestial/projectAR/ros2_ws/install/guide_robot/lib/python3.10/site-packages/guide_robot/navigation_server.py to navigation_server.cpython-310.pyc
[0.452s] running install_data
[0.452s] running install_egg_info
[0.453s] removing '/home/celestial/projectAR/ros2_ws/install/guide_robot/lib/python3.10/site-packages/guide_robot-0.0.0-py3.10.egg-info' (and everything under it)
[0.454s] Copying ../../build/guide_robot/guide_robot.egg-info to /home/celestial/projectAR/ros2_ws/install/guide_robot/lib/python3.10/site-packages/guide_robot-0.0.0-py3.10.egg-info
[0.454s] running install_scripts
[0.466s] Installing navigation_server script to /home/celestial/projectAR/ros2_ws/install/guide_robot/lib/guide_robot
[0.466s] writing list of installed files to '/home/celestial/projectAR/ros2_ws/build/guide_robot/install.log'
[0.481s] Invoked command in '/home/celestial/projectAR/ros2_ws/src/guide_robot' returned '0': PYTHONPATH=/home/celestial/projectAR/ros2_ws/build/guide_robot/prefix_override:/usr/lib/python3/dist-packages/colcon_core/task/python/colcon_distutils_commands:/home/celestial/projectAR/ros2_ws/install/guide_robot/lib/python3.10/site-packages:${PYTHONPATH} /usr/bin/python3 -W ignore:setup.py install is deprecated -W ignore:easy_install command is deprecated setup.py egg_info --egg-base ../../build/guide_robot build --build-base /home/celestial/projectAR/ros2_ws/build/guide_robot/build install --record /home/celestial/projectAR/ros2_ws/build/guide_robot/install.log --install-scripts $base/lib/guide_robot --single-version-externally-managed install_data
