running egg_info
creating ../../build/guide_robot/guide_robot.egg-info
writing ../../build/guide_robot/guide_robot.egg-info/PKG-INFO
writing dependency_links to ../../build/guide_robot/guide_robot.egg-info/dependency_links.txt
writing entry points to ../../build/guide_robot/guide_robot.egg-info/entry_points.txt
writing requirements to ../../build/guide_robot/guide_robot.egg-info/requires.txt
writing top-level names to ../../build/guide_robot/guide_robot.egg-info/top_level.txt
writing manifest file '../../build/guide_robot/guide_robot.egg-info/SOURCES.txt'
reading manifest file '../../build/guide_robot/guide_robot.egg-info/SOURCES.txt'
writing manifest file '../../build/guide_robot/guide_robot.egg-info/SOURCES.txt'
running build
running build_py
creating /home/celestial/projectAR/ros2_ws/build/guide_robot/build
creating /home/celestial/projectAR/ros2_ws/build/guide_robot/build/lib
creating /home/celestial/projectAR/ros2_ws/build/guide_robot/build/lib/guide_robot
copying guide_robot/guide_node.py -> /home/celestial/projectAR/ros2_ws/build/guide_robot/build/lib/guide_robot
copying guide_robot/__init__.py -> /home/celestial/projectAR/ros2_ws/build/guide_robot/build/lib/guide_robot
running install
running install_lib
creating /home/celestial/projectAR/ros2_ws/install/guide_robot/lib/python3.10/site-packages/guide_robot
copying /home/celestial/projectAR/ros2_ws/build/guide_robot/build/lib/guide_robot/guide_node.py -> /home/celestial/projectAR/ros2_ws/install/guide_robot/lib/python3.10/site-packages/guide_robot
copying /home/celestial/projectAR/ros2_ws/build/guide_robot/build/lib/guide_robot/__init__.py -> /home/celestial/projectAR/ros2_ws/install/guide_robot/lib/python3.10/site-packages/guide_robot
byte-compiling /home/celestial/projectAR/ros2_ws/install/guide_robot/lib/python3.10/site-packages/guide_robot/guide_node.py to guide_node.cpython-310.pyc
byte-compiling /home/celestial/projectAR/ros2_ws/install/guide_robot/lib/python3.10/site-packages/guide_robot/__init__.py to __init__.cpython-310.pyc
running install_data
creating /home/celestial/projectAR/ros2_ws/install/guide_robot/share/ament_index
creating /home/celestial/projectAR/ros2_ws/install/guide_robot/share/ament_index/resource_index
creating /home/celestial/projectAR/ros2_ws/install/guide_robot/share/ament_index/resource_index/packages
copying resource/guide_robot -> /home/celestial/projectAR/ros2_ws/install/guide_robot/share/ament_index/resource_index/packages
copying package.xml -> /home/celestial/projectAR/ros2_ws/install/guide_robot/share/guide_robot
running install_egg_info
Copying ../../build/guide_robot/guide_robot.egg-info to /home/celestial/projectAR/ros2_ws/install/guide_robot/lib/python3.10/site-packages/guide_robot-0.0.0-py3.10.egg-info
running install_scripts
Installing guide_node script to /home/celestial/projectAR/ros2_ws/install/guide_robot/lib/guide_robot
writing list of installed files to '/home/celestial/projectAR/ros2_ws/build/guide_robot/install.log'
