[0.381s] Invoking command in '/home/celestial/projectAR/ros2_ws/src/guide_robot': PYTHONPATH=/home/celestial/projectAR/ros2_ws/build/guide_robot/prefix_override:/usr/lib/python3/dist-packages/colcon_core/task/python/colcon_distutils_commands:/home/celestial/projectAR/ros2_ws/install/guide_robot/lib/python3.10/site-packages:${PYTHONPATH} /usr/bin/python3 -W ignore:setup.py install is deprecated -W ignore:easy_install command is deprecated setup.py egg_info --egg-base ../../build/guide_robot build --build-base /home/celestial/projectAR/ros2_ws/build/guide_robot/build install --record /home/celestial/projectAR/ros2_ws/build/guide_robot/install.log --install-scripts $base/lib/guide_robot --single-version-externally-managed install_data
[0.501s] running egg_info
[0.502s] creating ../../build/guide_robot/guide_robot.egg-info
[0.502s] writing ../../build/guide_robot/guide_robot.egg-info/PKG-INFO
[0.502s] writing dependency_links to ../../build/guide_robot/guide_robot.egg-info/dependency_links.txt
[0.502s] writing entry points to ../../build/guide_robot/guide_robot.egg-info/entry_points.txt
[0.502s] writing requirements to ../../build/guide_robot/guide_robot.egg-info/requires.txt
[0.502s] writing top-level names to ../../build/guide_robot/guide_robot.egg-info/top_level.txt
[0.502s] writing manifest file '../../build/guide_robot/guide_robot.egg-info/SOURCES.txt'
[0.503s] reading manifest file '../../build/guide_robot/guide_robot.egg-info/SOURCES.txt'
[0.503s] writing manifest file '../../build/guide_robot/guide_robot.egg-info/SOURCES.txt'
[0.503s] running build
[0.503s] running build_py
[0.503s] creating /home/celestial/projectAR/ros2_ws/build/guide_robot/build
[0.503s] creating /home/celestial/projectAR/ros2_ws/build/guide_robot/build/lib
[0.503s] creating /home/celestial/projectAR/ros2_ws/build/guide_robot/build/lib/guide_robot
[0.503s] copying guide_robot/guide_node.py -> /home/celestial/projectAR/ros2_ws/build/guide_robot/build/lib/guide_robot
[0.503s] copying guide_robot/__init__.py -> /home/celestial/projectAR/ros2_ws/build/guide_robot/build/lib/guide_robot
[0.503s] running install
[0.503s] running install_lib
[0.504s] creating /home/celestial/projectAR/ros2_ws/install/guide_robot/lib/python3.10/site-packages/guide_robot
[0.504s] copying /home/celestial/projectAR/ros2_ws/build/guide_robot/build/lib/guide_robot/guide_node.py -> /home/celestial/projectAR/ros2_ws/install/guide_robot/lib/python3.10/site-packages/guide_robot
[0.504s] copying /home/celestial/projectAR/ros2_ws/build/guide_robot/build/lib/guide_robot/__init__.py -> /home/celestial/projectAR/ros2_ws/install/guide_robot/lib/python3.10/site-packages/guide_robot
[0.504s] byte-compiling /home/celestial/projectAR/ros2_ws/install/guide_robot/lib/python3.10/site-packages/guide_robot/guide_node.py to guide_node.cpython-310.pyc
[0.504s] byte-compiling /home/celestial/projectAR/ros2_ws/install/guide_robot/lib/python3.10/site-packages/guide_robot/__init__.py to __init__.cpython-310.pyc
[0.504s] running install_data
[0.504s] creating /home/celestial/projectAR/ros2_ws/install/guide_robot/share/ament_index
[0.504s] creating /home/celestial/projectAR/ros2_ws/install/guide_robot/share/ament_index/resource_index
[0.504s] creating /home/celestial/projectAR/ros2_ws/install/guide_robot/share/ament_index/resource_index/packages
[0.504s] copying resource/guide_robot -> /home/celestial/projectAR/ros2_ws/install/guide_robot/share/ament_index/resource_index/packages
[0.504s] copying package.xml -> /home/celestial/projectAR/ros2_ws/install/guide_robot/share/guide_robot
[0.505s] running install_egg_info
[0.505s] Copying ../../build/guide_robot/guide_robot.egg-info to /home/celestial/projectAR/ros2_ws/install/guide_robot/lib/python3.10/site-packages/guide_robot-0.0.0-py3.10.egg-info
[0.506s] running install_scripts
[0.517s] Installing guide_node script to /home/celestial/projectAR/ros2_ws/install/guide_robot/lib/guide_robot
[0.517s] writing list of installed files to '/home/celestial/projectAR/ros2_ws/build/guide_robot/install.log'
[0.529s] Invoked command in '/home/celestial/projectAR/ros2_ws/src/guide_robot' returned '0': PYTHONPATH=/home/celestial/projectAR/ros2_ws/build/guide_robot/prefix_override:/usr/lib/python3/dist-packages/colcon_core/task/python/colcon_distutils_commands:/home/celestial/projectAR/ros2_ws/install/guide_robot/lib/python3.10/site-packages:${PYTHONPATH} /usr/bin/python3 -W ignore:setup.py install is deprecated -W ignore:easy_install command is deprecated setup.py egg_info --egg-base ../../build/guide_robot build --build-base /home/celestial/projectAR/ros2_ws/build/guide_robot/build install --record /home/celestial/projectAR/ros2_ws/build/guide_robot/install.log --install-scripts $base/lib/guide_robot --single-version-externally-managed install_data
