[0.467s] Invoking command in '/home/ksj/test_team4/ros2_project/src/robot_bringup': PYTHONPATH=/home/ksj/test_team4/build/robot_bringup/prefix_override:/usr/lib/python3/dist-packages/colcon_core/task/python/colcon_distutils_commands:/home/ksj/test_team4/install/robot_bringup/lib/python3.10/site-packages:${PYTHONPATH} /usr/bin/python3 -W ignore:setup.py install is deprecated -W ignore:easy_install command is deprecated setup.py egg_info --egg-base ../../../build/robot_bringup build --build-base /home/ksj/test_team4/build/robot_bringup/build install --record /home/ksj/test_team4/build/robot_bringup/install.log --single-version-externally-managed install_data
[0.595s] running egg_info
[0.595s] creating ../../../build/robot_bringup/robot_bringup.egg-info
[0.595s] writing ../../../build/robot_bringup/robot_bringup.egg-info/PKG-INFO
[0.595s] writing dependency_links to ../../../build/robot_bringup/robot_bringup.egg-info/dependency_links.txt
[0.595s] writing entry points to ../../../build/robot_bringup/robot_bringup.egg-info/entry_points.txt
[0.595s] writing requirements to ../../../build/robot_bringup/robot_bringup.egg-info/requires.txt
[0.595s] writing top-level names to ../../../build/robot_bringup/robot_bringup.egg-info/top_level.txt
[0.595s] writing manifest file '../../../build/robot_bringup/robot_bringup.egg-info/SOURCES.txt'
[0.596s] reading manifest file '../../../build/robot_bringup/robot_bringup.egg-info/SOURCES.txt'
[0.597s] writing manifest file '../../../build/robot_bringup/robot_bringup.egg-info/SOURCES.txt'
[0.597s] running build
[0.597s] running build_py
[0.597s] creating /home/ksj/test_team4/build/robot_bringup/build
[0.597s] creating /home/ksj/test_team4/build/robot_bringup/build/lib
[0.597s] creating /home/ksj/test_team4/build/robot_bringup/build/lib/robot_bringup
[0.597s] copying robot_bringup/__init__.py -> /home/ksj/test_team4/build/robot_bringup/build/lib/robot_bringup
[0.597s] running install
[0.597s] running install_lib
[0.597s] creating /home/ksj/test_team4/install/robot_bringup/lib/python3.10/site-packages/robot_bringup
[0.597s] copying /home/ksj/test_team4/build/robot_bringup/build/lib/robot_bringup/__init__.py -> /home/ksj/test_team4/install/robot_bringup/lib/python3.10/site-packages/robot_bringup
[0.598s] byte-compiling /home/ksj/test_team4/install/robot_bringup/lib/python3.10/site-packages/robot_bringup/__init__.py to __init__.cpython-310.pyc
[0.598s] running install_data
[0.598s] creating /home/ksj/test_team4/install/robot_bringup/share/ament_index
[0.598s] creating /home/ksj/test_team4/install/robot_bringup/share/ament_index/resource_index
[0.598s] creating /home/ksj/test_team4/install/robot_bringup/share/ament_index/resource_index/packages
[0.598s] copying resource/robot_bringup -> /home/ksj/test_team4/install/robot_bringup/share/ament_index/resource_index/packages
[0.598s] copying package.xml -> /home/ksj/test_team4/install/robot_bringup/share/robot_bringup
[0.598s] running install_egg_info
[0.599s] Copying ../../../build/robot_bringup/robot_bringup.egg-info to /home/ksj/test_team4/install/robot_bringup/lib/python3.10/site-packages/robot_bringup-0.0.0-py3.10.egg-info
[0.599s] running install_scripts
[0.611s] writing list of installed files to '/home/ksj/test_team4/build/robot_bringup/install.log'
[0.629s] Invoked command in '/home/ksj/test_team4/ros2_project/src/robot_bringup' returned '0': PYTHONPATH=/home/ksj/test_team4/build/robot_bringup/prefix_override:/usr/lib/python3/dist-packages/colcon_core/task/python/colcon_distutils_commands:/home/ksj/test_team4/install/robot_bringup/lib/python3.10/site-packages:${PYTHONPATH} /usr/bin/python3 -W ignore:setup.py install is deprecated -W ignore:easy_install command is deprecated setup.py egg_info --egg-base ../../../build/robot_bringup build --build-base /home/ksj/test_team4/build/robot_bringup/build install --record /home/ksj/test_team4/build/robot_bringup/install.log --single-version-externally-managed install_data
